2026-07-26 15:45:41.766: [INFO] VisibilityChanged: 0
2026-07-26 15:45:41.807: [INFO] RecordSyncInitDuration has_sync_been_enabled: 0 state: 0
2026-07-26 15:45:41.808: [INFO] RecordSyncInitDuration has_sync_been_enabled: 0 state: 0
2026-07-26 15:45:41.809: [INFO] RecordSyncInitDuration has_sync_been_enabled: 0 state: 0
2026-07-26 15:45:41.811: [INFO] RecordSyncInitDuration has_sync_been_enabled: 0 state: 0
2026-07-26 15:45:41.812: [INFO] RecordSyncInitDuration has_sync_been_enabled: 0 state: 0
2026-07-26 15:45:41.813: [INFO] RecordSyncInitDuration has_sync_been_enabled: 0 state: 0
2026-07-26 15:45:41.815: [INFO] RecordSyncInitDuration has_sync_been_enabled: 0 state: 0
2026-07-26 15:45:41.817: [INFO] RecordSyncInitDuration has_sync_been_enabled: 0 state: 0
2026-07-26 15:45:41.818: [INFO] RecordSyncInitDuration has_sync_been_enabled: 0 state: 0
2026-07-26 15:45:41.819: [INFO] RecordSyncInitDuration has_sync_been_enabled: 0 state: 0
2026-07-26 15:45:41.844: [INFO] BookmarkModelLoaded, ids_reassigned: 0
2026-07-26 15:45:41.844: [INFO] OnDoneLoading sync enabled: 0
2026-07-26 15:45:41.919: [INFO] RecordSyncInitDuration has_sync_been_enabled: 0 state: 0
2026-07-26 15:45:43.897: [INFO] RecordSyncInitDuration has_sync_been_enabled: 0 state: 0
2026-07-26 15:45:43.901: [INFO] RecordSyncInitDuration has_sync_been_enabled: 0 state: 3
2026-07-26 15:45:43.904: [INFO] Primary account changed.
2026-07-26 15:45:43.904: [INFO] OnPrimaryAccountChanged PrimaryAccountChangeEvent::Type::kSet
2026-07-26 15:45:43.915: [INFO] RecordSyncInitDuration has_sync_been_enabled: 0 state: 3
2026-07-26 15:45:43.933: [INFO] RecordSyncInitDuration has_sync_been_enabled: 0 state: 3
2026-07-26 15:45:45.200: [INFO] BookmarkNodeAdded, ABU: 0
2026-07-26 15:45:45.202: [INFO] BookmarkNodeAdded, ABU: 0
2026-07-26 15:45:45.203: [INFO] BookmarkNodeAdded, ABU: 0
2026-07-26 15:45:45.204: [INFO] BookmarkNodeAdded, ABU: 0
2026-07-26 15:45:45.205: [INFO] BookmarkNodeAdded, ABU: 0
2026-07-26 15:45:45.205: [INFO] BookmarkNodeAdded, ABU: 0
2026-07-26 15:45:45.207: [INFO] BookmarkNodeAdded, ABU: 0
2026-07-26 15:45:45.208: [INFO] BookmarkNodeAdded, ABU: 0
2026-07-26 15:45:45.209: [INFO] BookmarkNodeAdded, ABU: 0
2026-07-26 15:45:45.210: [INFO] BookmarkNodeAdded, ABU: 0
2026-07-26 15:45:45.210: [INFO] BookmarkNodeAdded, ABU: 0
2026-07-26 15:45:45.211: [INFO] BookmarkNodeAdded, ABU: 0
2026-07-26 15:45:45.212: [INFO] BookmarkNodeAdded, ABU: 0
2026-07-26 15:45:45.213: [INFO] BookmarkNodeAdded, ABU: 0
2026-07-26 15:45:45.214: [INFO] BookmarkNodeAdded, ABU: 0
2026-07-26 15:45:45.216: [INFO] BookmarkNodeAdded, ABU: 0
2026-07-26 15:45:56.122: [INFO] BookmarkNodeAdded, ABU: 0
2026-07-26 15:45:56.123: [INFO] BookmarkNodeMoved
2026-07-26 15:45:56.125: [INFO] BookmarkNodeAdded, ABU: 0
2026-07-26 15:45:56.125: [INFO] Remove, DeletionOrigin: 19
2026-07-26 15:45:56.125: [INFO] BookmarkNodeRemoved, Url: 1, IsFolder: 0, IsWorkspace: 0
2026-07-26 15:45:56.128: [INFO] BookmarkNodeAdded, ABU: 0
2026-07-26 15:45:56.130: [INFO] BookmarkNodeAdded, ABU: 0
2026-07-26 15:45:56.132: [INFO] BookmarkNodeAdded, ABU: 0
2026-07-26 15:45:56.133: [INFO] BookmarkNodeAdded, ABU: 0
2026-07-26 15:45:56.135: [INFO] BookmarkNodeAdded, ABU: 0
2026-07-26 15:45:56.135: [INFO] Remove, DeletionOrigin: 19
2026-07-26 15:45:56.135: [INFO] BookmarkNodeRemoved, Url: 1, IsFolder: 0, IsWorkspace: 0
2026-07-26 15:45:56.137: [INFO] BookmarkNodeAdded, ABU: 0
2026-07-26 15:45:56.137: [INFO] Remove, DeletionOrigin: 19
2026-07-26 15:45:56.137: [INFO] BookmarkNodeRemoved, Url: 1, IsFolder: 0, IsWorkspace: 0
2026-07-26 15:45:56.139: [INFO] BookmarkNodeAdded, ABU: 0
2026-07-26 15:45:56.139: [INFO] Remove, DeletionOrigin: 19
2026-07-26 15:45:56.140: [INFO] BookmarkNodeRemoved, Url: 1, IsFolder: 0, IsWorkspace: 0
2026-07-26 15:45:56.141: [INFO] BookmarkNodeAdded, ABU: 0
2026-07-26 15:45:56.141: [INFO] Remove, DeletionOrigin: 19
2026-07-26 15:45:56.141: [INFO] BookmarkNodeRemoved, Url: 1, IsFolder: 0, IsWorkspace: 0
2026-07-26 15:45:56.143: [INFO] BookmarkNodeAdded, ABU: 0
2026-07-26 15:45:56.143: [INFO] Remove, DeletionOrigin: 19
2026-07-26 15:45:56.143: [INFO] BookmarkNodeRemoved, Url: 1, IsFolder: 0, IsWorkspace: 0
2026-07-26 15:45:56.144: [INFO] BookmarkNodeAdded, ABU: 0
2026-07-26 15:45:56.144: [INFO] Remove, DeletionOrigin: 19
2026-07-26 15:45:56.145: [INFO] BookmarkNodeRemoved, Url: 1, IsFolder: 0, IsWorkspace: 0
2026-07-26 15:45:56.147: [INFO] BookmarkNodeAdded, ABU: 0
2026-07-26 15:45:56.147: [INFO] Remove, DeletionOrigin: 19
2026-07-26 15:45:56.147: [INFO] BookmarkNodeRemoved, Url: 1, IsFolder: 0, IsWorkspace: 0
2026-07-26 15:45:56.148: [INFO] BookmarkNodeAdded, ABU: 0
2026-07-26 15:45:56.148: [INFO] Remove, DeletionOrigin: 19
2026-07-26 15:45:56.148: [INFO] BookmarkNodeRemoved, Url: 1, IsFolder: 0, IsWorkspace: 0
2026-07-26 15:45:56.150: [INFO] BookmarkNodeAdded, ABU: 0
2026-07-26 15:45:56.150: [INFO] Remove, DeletionOrigin: 19
2026-07-26 15:45:56.150: [INFO] BookmarkNodeRemoved, Url: 1, IsFolder: 0, IsWorkspace: 0
2026-07-26 15:45:56.151: [INFO] BookmarkNodeAdded, ABU: 0
2026-07-26 15:45:56.151: [INFO] Remove, DeletionOrigin: 19
2026-07-26 15:45:56.152: [INFO] BookmarkNodeRemoved, Url: 1, IsFolder: 0, IsWorkspace: 0
2026-07-26 15:45:56.154: [INFO] BookmarkNodeAdded, ABU: 0
2026-07-26 15:45:56.154: [INFO] Remove, DeletionOrigin: 19
2026-07-26 15:45:56.155: [INFO] BookmarkNodeRemoved, Url: 1, IsFolder: 0, IsWorkspace: 0
2026-07-26 15:45:56.156: [INFO] BookmarkNodeAdded, ABU: 0
2026-07-26 15:45:56.156: [INFO] Remove, DeletionOrigin: 19
2026-07-26 15:45:56.156: [INFO] BookmarkNodeRemoved, Url: 1, IsFolder: 0, IsWorkspace: 0
2026-07-26 15:45:56.159: [INFO] BookmarkNodeAdded, ABU: 0
2026-07-26 15:45:56.159: [INFO] Remove, DeletionOrigin: 19
2026-07-26 15:45:56.159: [INFO] BookmarkNodeRemoved, Url: 1, IsFolder: 0, IsWorkspace: 0
2026-07-26 15:45:56.162: [INFO] BookmarkNodeAdded, ABU: 0
2026-07-26 15:45:56.162: [INFO] Remove, DeletionOrigin: 19
2026-07-26 15:45:56.162: [INFO] BookmarkNodeRemoved, Url: 1, IsFolder: 0, IsWorkspace: 0
2026-07-26 15:45:56.164: [INFO] BookmarkNodeAdded, ABU: 0
2026-07-26 15:45:56.164: [INFO] Remove, DeletionOrigin: 19
2026-07-26 15:45:56.165: [INFO] BookmarkNodeRemoved, Url: 1, IsFolder: 0, IsWorkspace: 0
