{"logTime": "0726/154545", "correlationVector":"+VOv8Qs59QMMkB3n5Nb5NE.1","action":"SyncServerConnectionManagerRequest", "result":"SYNC_SERVER_OK", "context":{"environment":"Prod_japanwest_prod-s01-066-apac-japanwest", "migrationStage":"NotStarted", "server":"akswtt11500000e"}}
{"logTime": "0726/154545", "correlationVector":"+VOv8Qs59QMMkB3n5Nb5NE.2","action":"ProcessGetUpdates", "result":"Done", "context":{"dataType":"Encryption Keys", "deleted":"0", "process_failed_to_decrypt":"0", "process_pending_decryption":"0", "process_success":"1", "total":"1"}}
{"logTime": "0726/154546", "correlationVector":"uVuCp6X1RxjXs3zaa0Ks6v","action":"SyncServerConnectionManagerRequest", "result":"SYNC_SERVER_OK", "context":{"environment":"", "migrationStage":"", "server":""}}
{"logTime": "0726/154546", "correlationVector":"uVuCp6X1RxjXs3zaa0Ks6v.0","action":"EncryptionKeysFetcher.DownloadKeys:", "result":"Success", "context":Key count: 9, Last key timestamp: 2026-01-29T08:12:23Z}
{"logTime": "0726/154546", "correlationVector":"uVuCp6X1RxjXs3zaa0Ks6v.1","action":"EncryptionKeysManager::SetEncryptionKeys:", "result":"Success", "context":Key names[9]:[hailzhJp38OJhJbuzSvO6Wm7Karhb+Osz3TTiyHXcYcBMSquQs5hOUeIt6zrJ4Mcfa9fvj5E0mkllrn50l+AEQ==][H0CBWKhvuJacBbR9hwW5DVZmGoRlkzmNRhxSIm0GCOvBEakjK4ulWL2ZurZnBW11UWD18jrlqIZK4b5N32edNw==][R/IYp2iXZEH4AhMZbVbUMAQ9EJAFGqDEilWoZVp5RloKNUsbJXjI5Nbsuya4JSZOlVBaYLJqubVO70/a32S6Eg==][P47TFT/KKpklgRVaJ7sFWiXbkLFEMzHgP2Kk3VkT7z5EZfe/egTb0LdtdaKHw6t+5YCOORddyS1TIl1H9syLZA==][VTxboKWx4kDGsaNNJZuU1GR+y5qFkyL9PPqknrjVacZGvoh5OnvqvoOeh9TeeKtRdGCJ0eJhnmDspP4Ba/uvUA==][HKV9x0rk0zqE7Uvd8aQ1CDNnCxTGyKazCrSjgeWWq8BitrnrQasIwhEo6xVt2/4DwJmcMNGvP9mpP2XujkTHLw==][Uc4zztnzOcglAmZx0CPHhrKg3mQ/5U05csqoixjX8PStlYWCSL8F720QOfSE0M97MhQEKVpna9hLGW/04DvASA==][zpWbX4JZ/pS94Icnw9ZMy2gvNnhat8XfFRGzDRkfmM9zeJQFA8aEqHlcv68HtAbZnpq+QQlAtLbg+6Pnpg5oQg==][KAJKe+Q6gBjLyV+1wxSlhW5vgFMGzOpbrit5qWw82Ar98SSOhA45ilplU4UZQkR+0xqvcG58eXoDoKsIutFFZw==]}
{"logTime": "0726/154546", "correlationVector":"uVuCp6X1RxjXs3zaa0Ks6v.2","action":"EncryptionKeysManager::SetEncryptionKeysWithTimestamps:", "result":"Success", "context":Key timestamps[9]:[2022-02-05T23:45:53Z][2022-08-06T11:12:26Z][2023-02-03T10:21:39Z][2023-08-04T15:51:11Z][2024-02-04T08:07:14Z][2024-08-03T07:43:05Z][2025-02-02T16:44:55Z][2025-08-02T06:37:38Z][2026-01-29T08:12:23Z]}
{"logTime": "0726/154546", "correlationVector":"+VOv8Qs59QMMkB3n5Nb5NE","action":"Initial GetUpdates", "result":"", "context":Reason: NEW_CLIENT. cV=+VOv8Qs59QMMkB3n5Nb5NE}
{"logTime": "0726/154546", "correlationVector":"+VOv8Qs59QMMkB3n5Nb5NE.3","action":"GetUpdates Response", "result":"Success", "context":Received 1 update(s). cV=+VOv8Qs59QMMkB3n5Nb5NE.0;server=akswtt11500000e;cloudType=Consumer;environment=Prod_japanwest_prod-s01-066-apac-japanwest;migrationStage=NotStarted}
{"logTime": "0726/154546", "correlationVector":"irCgDUvzeDLWWP1LKQMfsk","action":"Initial GetUpdates", "result":"", "context":Reason: NEWLY_SUPPORTED_DATATYPE. cV=irCgDUvzeDLWWP1LKQMfsk}
{"logTime": "0726/154546", "correlationVector":"irCgDUvzeDLWWP1LKQMfsk.1","action":"SyncServerConnectionManagerRequest", "result":"SYNC_SERVER_OK", "context":{"environment":"Prod_japanwest_prod-s01-066-apac-japanwest", "migrationStage":"NotStarted", "server":"akswtt115000006"}}
{"logTime": "0726/154546", "correlationVector":"irCgDUvzeDLWWP1LKQMfsk.2","action":"ProcessGetUpdates", "result":"Done", "context":{"dataType":"Passwords", "deleted":"0", "process_failed_to_decrypt":"0", "process_pending_decryption":"0", "process_success":"24", "total":"24"}}
{"logTime": "0726/154546", "correlationVector":"irCgDUvzeDLWWP1LKQMfsk.3","action":"ProcessGetUpdates", "result":"Done", "context":{"dataType":"Device Info", "deleted":"0", "process_failed_to_decrypt":"0", "process_pending_decryption":"0", "process_success":"6", "total":"6"}}
{"logTime": "0726/154546", "correlationVector":"irCgDUvzeDLWWP1LKQMfsk.4","action":"GetUpdates Response", "result":"Success", "context":Received 30 update(s). cV=irCgDUvzeDLWWP1LKQMfsk.0;server=akswtt115000006;cloudType=Consumer;environment=Prod_japanwest_prod-s01-066-apac-japanwest;migrationStage=NotStarted}
{"logTime": "0726/154546", "correlationVector":"Sgwha7dzpMaJWRejl6RiYT","action":"Initial GetUpdates", "result":"", "context":Reason: NEWLY_SUPPORTED_DATATYPE. cV=Sgwha7dzpMaJWRejl6RiYT}
{"logTime": "0726/154547", "correlationVector":"Sgwha7dzpMaJWRejl6RiYT.1","action":"SyncServerConnectionManagerRequest", "result":"SYNC_SERVER_OK", "context":{"environment":"Prod_japanwest_prod-s01-066-apac-japanwest", "migrationStage":"NotStarted", "server":"akswtt11500000m"}}
{"logTime": "0726/154547", "correlationVector":"Sgwha7dzpMaJWRejl6RiYT.2","action":"ProcessGetUpdates", "result":"Done", "context":{"dataType":"Bookmarks", "deleted":"18", "process_failed_to_decrypt":"0", "process_pending_decryption":"0", "process_success":"25", "total":"25"}}
{"logTime": "0726/154547", "correlationVector":"Sgwha7dzpMaJWRejl6RiYT.3","action":"ProcessGetUpdates", "result":"Done", "context":{"dataType":"Preferences", "deleted":"0", "process_failed_to_decrypt":"0", "process_pending_decryption":"0", "process_success":"73", "total":"73"}}
{"logTime": "0726/154547", "correlationVector":"Sgwha7dzpMaJWRejl6RiYT.4","action":"ProcessGetUpdates", "result":"Done", "context":{"dataType":"Autofill", "deleted":"0", "process_failed_to_decrypt":"0", "process_pending_decryption":"0", "process_success":"22", "total":"22"}}
{"logTime": "0726/154547", "correlationVector":"Sgwha7dzpMaJWRejl6RiYT.5","action":"ProcessGetUpdates", "result":"Done", "context":{"dataType":"Sessions", "deleted":"128", "process_failed_to_decrypt":"0", "process_pending_decryption":"0", "process_success":"128", "total":"128"}}
{"logTime": "0726/154547", "correlationVector":"Sgwha7dzpMaJWRejl6RiYT.6","action":"ProcessGetUpdates", "result":"Done", "context":{"dataType":"WebAuthn Credentials", "deleted":"0", "process_failed_to_decrypt":"0", "process_pending_decryption":"0", "process_success":"1", "total":"1"}}
{"logTime": "0726/154547", "correlationVector":"Sgwha7dzpMaJWRejl6RiYT.7","action":"ProcessGetUpdates", "result":"Done", "context":{"dataType":"Edge Hub App Usage", "deleted":"0", "process_failed_to_decrypt":"0", "process_pending_decryption":"0", "process_success":"1", "total":"1"}}
{"logTime": "0726/154547", "correlationVector":"Sgwha7dzpMaJWRejl6RiYT.8","action":"GetUpdates Response", "result":"Success", "context":Received 250 update(s). cV=Sgwha7dzpMaJWRejl6RiYT.0;server=akswtt11500000m;cloudType=Consumer;environment=Prod_japanwest_prod-s01-066-apac-japanwest;migrationStage=NotStarted Some updates remain.}
{"logTime": "0726/154547", "correlationVector":"sFWOaMbxYbz7aaydUOKc1S","action":"Initial GetUpdates", "result":"", "context":Reason: NEWLY_SUPPORTED_DATATYPE. cV=sFWOaMbxYbz7aaydUOKc1S}
{"logTime": "0726/154548", "correlationVector":"sFWOaMbxYbz7aaydUOKc1S.1","action":"SyncServerConnectionManagerRequest", "result":"SYNC_SERVER_OK", "context":{"environment":"Prod_japanwest_prod-s01-066-apac-japanwest", "migrationStage":"NotStarted", "server":"akswtt115000015"}}
{"logTime": "0726/154548", "correlationVector":"sFWOaMbxYbz7aaydUOKc1S.2","action":"ProcessGetUpdates", "result":"Done", "context":{"dataType":"Preferences", "deleted":"0", "process_failed_to_decrypt":"0", "process_pending_decryption":"0", "process_success":"4", "total":"4"}}
{"logTime": "0726/154548", "correlationVector":"sFWOaMbxYbz7aaydUOKc1S.3","action":"ProcessGetUpdates", "result":"Done", "context":{"dataType":"Autofill", "deleted":"0", "process_failed_to_decrypt":"0", "process_pending_decryption":"0", "process_success":"25", "total":"25"}}
{"logTime": "0726/154548", "correlationVector":"sFWOaMbxYbz7aaydUOKc1S.4","action":"ProcessGetUpdates", "result":"Done", "context":{"dataType":"Sessions", "deleted":"194", "process_failed_to_decrypt":"0", "process_pending_decryption":"0", "process_success":"194", "total":"194"}}
{"logTime": "0726/154548", "correlationVector":"sFWOaMbxYbz7aaydUOKc1S.5","action":"ProcessGetUpdates", "result":"Done", "context":{"dataType":"Web Apps", "deleted":"0", "process_failed_to_decrypt":"0", "process_pending_decryption":"0", "process_success":"1", "total":"1"}}
{"logTime": "0726/154548", "correlationVector":"sFWOaMbxYbz7aaydUOKc1S.6","action":"ProcessGetUpdates", "result":"Done", "context":{"dataType":"Edge Hub App Usage", "deleted":"0", "process_failed_to_decrypt":"0", "process_pending_decryption":"0", "process_success":"26", "total":"26"}}
{"logTime": "0726/154548", "correlationVector":"sFWOaMbxYbz7aaydUOKc1S.7","action":"GetUpdates Response", "result":"Success", "context":Received 250 update(s). cV=sFWOaMbxYbz7aaydUOKc1S.0;server=akswtt115000015;cloudType=Consumer;environment=Prod_japanwest_prod-s01-066-apac-japanwest;migrationStage=NotStarted Some updates remain.}
{"logTime": "0726/154548", "correlationVector":"BWjD8f81unjVEeAMwyYlJy","action":"Initial GetUpdates", "result":"", "context":Reason: NEWLY_SUPPORTED_DATATYPE. cV=BWjD8f81unjVEeAMwyYlJy}
{"logTime": "0726/154550", "correlationVector":"BWjD8f81unjVEeAMwyYlJy.1","action":"SyncServerConnectionManagerRequest", "result":"SYNC_SERVER_OK", "context":{"environment":"Prod_japanwest_prod-s01-066-apac-japanwest", "migrationStage":"NotStarted", "server":"akswtt11500000d"}}
{"logTime": "0726/154550", "correlationVector":"BWjD8f81unjVEeAMwyYlJy.2","action":"ProcessGetUpdates", "result":"Done", "context":{"dataType":"Autofill", "deleted":"0", "process_failed_to_decrypt":"0", "process_pending_decryption":"0", "process_success":"29", "total":"29"}}
{"logTime": "0726/154550", "correlationVector":"BWjD8f81unjVEeAMwyYlJy.3","action":"ProcessGetUpdates", "result":"Done", "context":{"dataType":"Sessions", "deleted":"210", "process_failed_to_decrypt":"0", "process_pending_decryption":"0", "process_success":"210", "total":"210"}}
{"logTime": "0726/154550", "correlationVector":"BWjD8f81unjVEeAMwyYlJy.4","action":"ProcessGetUpdates", "result":"Done", "context":{"dataType":"Edge Hub App Usage", "deleted":"0", "process_failed_to_decrypt":"0", "process_pending_decryption":"0", "process_success":"11", "total":"11"}}
{"logTime": "0726/154550", "correlationVector":"BWjD8f81unjVEeAMwyYlJy.5","action":"GetUpdates Response", "result":"Success", "context":Received 250 update(s). cV=BWjD8f81unjVEeAMwyYlJy.0;server=akswtt11500000d;cloudType=Consumer;environment=Prod_japanwest_prod-s01-066-apac-japanwest;migrationStage=NotStarted Some updates remain.}
{"logTime": "0726/154550", "correlationVector":"55rev9FuA78iFGYzW/HxPb","action":"Initial GetUpdates", "result":"", "context":Reason: NEWLY_SUPPORTED_DATATYPE. cV=55rev9FuA78iFGYzW/HxPb}
{"logTime": "0726/154550", "correlationVector":"55rev9FuA78iFGYzW/HxPb.1","action":"SyncServerConnectionManagerRequest", "result":"SYNC_SERVER_OK", "context":{"environment":"Prod_japanwest_prod-s01-066-apac-japanwest", "migrationStage":"NotStarted", "server":"akswtt11500000f"}}
{"logTime": "0726/154550", "correlationVector":"55rev9FuA78iFGYzW/HxPb.2","action":"ProcessGetUpdates", "result":"Done", "context":{"dataType":"Autofill", "deleted":"0", "process_failed_to_decrypt":"0", "process_pending_decryption":"0", "process_success":"25", "total":"25"}}
{"logTime": "0726/154550", "correlationVector":"55rev9FuA78iFGYzW/HxPb.3","action":"ProcessGetUpdates", "result":"Done", "context":{"dataType":"Extensions", "deleted":"0", "process_failed_to_decrypt":"0", "process_pending_decryption":"0", "process_success":"1", "total":"1"}}
{"logTime": "0726/154550", "correlationVector":"55rev9FuA78iFGYzW/HxPb.4","action":"ProcessGetUpdates", "result":"Done", "context":{"dataType":"Sessions", "deleted":"210", "process_failed_to_decrypt":"0", "process_pending_decryption":"0", "process_success":"210", "total":"210"}}
{"logTime": "0726/154550", "correlationVector":"55rev9FuA78iFGYzW/HxPb.5","action":"ProcessGetUpdates", "result":"Done", "context":{"dataType":"Edge Hub App Usage", "deleted":"0", "process_failed_to_decrypt":"0", "process_pending_decryption":"0", "process_success":"14", "total":"14"}}
{"logTime": "0726/154550", "correlationVector":"55rev9FuA78iFGYzW/HxPb.6","action":"GetUpdates Response", "result":"Success", "context":Received 250 update(s). cV=55rev9FuA78iFGYzW/HxPb.0;server=akswtt11500000f;cloudType=Consumer;environment=Prod_japanwest_prod-s01-066-apac-japanwest;migrationStage=NotStarted Some updates remain.}
{"logTime": "0726/154550", "correlationVector":"H0FPR9hXW7Mwod06v+eFXH","action":"Initial GetUpdates", "result":"", "context":Reason: NEWLY_SUPPORTED_DATATYPE. cV=H0FPR9hXW7Mwod06v+eFXH}
{"logTime": "0726/154552", "correlationVector":"H0FPR9hXW7Mwod06v+eFXH.1","action":"SyncServerConnectionManagerRequest", "result":"SYNC_SERVER_OK", "context":{"environment":"Prod_japanwest_prod-s01-066-apac-japanwest", "migrationStage":"NotStarted", "server":"akswtt115000018"}}
{"logTime": "0726/154552", "correlationVector":"H0FPR9hXW7Mwod06v+eFXH.2","action":"ProcessGetUpdates", "result":"Done", "context":{"dataType":"Bookmarks", "deleted":"0", "process_failed_to_decrypt":"0", "process_pending_decryption":"0", "process_success":"1", "total":"1"}}
{"logTime": "0726/154552", "correlationVector":"H0FPR9hXW7Mwod06v+eFXH.3","action":"ProcessGetUpdates", "result":"Done", "context":{"dataType":"Preferences", "deleted":"0", "process_failed_to_decrypt":"0", "process_pending_decryption":"0", "process_success":"1", "total":"1"}}
{"logTime": "0726/154552", "correlationVector":"H0FPR9hXW7Mwod06v+eFXH.4","action":"ProcessGetUpdates", "result":"Done", "context":{"dataType":"Autofill", "deleted":"0", "process_failed_to_decrypt":"0", "process_pending_decryption":"0", "process_success":"6", "total":"6"}}
{"logTime": "0726/154552", "correlationVector":"H0FPR9hXW7Mwod06v+eFXH.5","action":"ProcessGetUpdates", "result":"Done", "context":{"dataType":"Sessions", "deleted":"230", "process_failed_to_decrypt":"0", "process_pending_decryption":"0", "process_success":"230", "total":"230"}}
{"logTime": "0726/154552", "correlationVector":"H0FPR9hXW7Mwod06v+eFXH.6","action":"ProcessGetUpdates", "result":"Done", "context":{"dataType":"Edge Hub App Usage", "deleted":"3", "process_failed_to_decrypt":"0", "process_pending_decryption":"0", "process_success":"12", "total":"12"}}
{"logTime": "0726/154552", "correlationVector":"H0FPR9hXW7Mwod06v+eFXH.7","action":"GetUpdates Response", "result":"Success", "context":Received 250 update(s). cV=H0FPR9hXW7Mwod06v+eFXH.0;server=akswtt115000018;cloudType=Consumer;environment=Prod_japanwest_prod-s01-066-apac-japanwest;migrationStage=NotStarted Some updates remain.}
{"logTime": "0726/154552", "correlationVector":"s26aBaBLyjFPLIxdWBmA7V","action":"Initial GetUpdates", "result":"", "context":Reason: NEWLY_SUPPORTED_DATATYPE. cV=s26aBaBLyjFPLIxdWBmA7V}
{"logTime": "0726/154552", "correlationVector":"s26aBaBLyjFPLIxdWBmA7V.1","action":"SyncServerConnectionManagerRequest", "result":"SYNC_SERVER_OK", "context":{"environment":"Prod_japanwest_prod-s01-066-apac-japanwest", "migrationStage":"NotStarted", "server":"akswtt11500000q"}}
{"logTime": "0726/154552", "correlationVector":"s26aBaBLyjFPLIxdWBmA7V.2","action":"ProcessGetUpdates", "result":"Done", "context":{"dataType":"Autofill Profiles", "deleted":"0", "process_failed_to_decrypt":"0", "process_pending_decryption":"0", "process_success":"1", "total":"1"}}
{"logTime": "0726/154552", "correlationVector":"s26aBaBLyjFPLIxdWBmA7V.3","action":"ProcessGetUpdates", "result":"Done", "context":{"dataType":"Autofill", "deleted":"0", "process_failed_to_decrypt":"0", "process_pending_decryption":"0", "process_success":"12", "total":"12"}}
{"logTime": "0726/154552", "correlationVector":"s26aBaBLyjFPLIxdWBmA7V.4","action":"ProcessGetUpdates", "result":"Done", "context":{"dataType":"Sessions", "deleted":"230", "process_failed_to_decrypt":"0", "process_pending_decryption":"0", "process_success":"230", "total":"230"}}
{"logTime": "0726/154552", "correlationVector":"s26aBaBLyjFPLIxdWBmA7V.5","action":"ProcessGetUpdates", "result":"Done", "context":{"dataType":"Saved Tab Group", "deleted":"2", "process_failed_to_decrypt":"0", "process_pending_decryption":"0", "process_success":"2", "total":"2"}}
{"logTime": "0726/154552", "correlationVector":"s26aBaBLyjFPLIxdWBmA7V.6","action":"ProcessGetUpdates", "result":"Done", "context":{"dataType":"Edge Hub App Usage", "deleted":"0", "process_failed_to_decrypt":"0", "process_pending_decryption":"0", "process_success":"5", "total":"5"}}
{"logTime": "0726/154552", "correlationVector":"s26aBaBLyjFPLIxdWBmA7V.7","action":"GetUpdates Response", "result":"Success", "context":Received 250 update(s). cV=s26aBaBLyjFPLIxdWBmA7V.0;server=akswtt11500000q;cloudType=Consumer;environment=Prod_japanwest_prod-s01-066-apac-japanwest;migrationStage=NotStarted Some updates remain.}
{"logTime": "0726/154552", "correlationVector":"Tnqv7FRGzBeCY02B1/jeAp","action":"Initial GetUpdates", "result":"", "context":Reason: NEWLY_SUPPORTED_DATATYPE. cV=Tnqv7FRGzBeCY02B1/jeAp}
{"logTime": "0726/154553", "correlationVector":"Tnqv7FRGzBeCY02B1/jeAp.1","action":"SyncServerConnectionManagerRequest", "result":"SYNC_SERVER_OK", "context":{"environment":"Prod_japanwest_prod-s01-066-apac-japanwest", "migrationStage":"NotStarted", "server":"akswtt115000009"}}
{"logTime": "0726/154553", "correlationVector":"Tnqv7FRGzBeCY02B1/jeAp.2","action":"ProcessGetUpdates", "result":"Done", "context":{"dataType":"Autofill", "deleted":"0", "process_failed_to_decrypt":"0", "process_pending_decryption":"0", "process_success":"9", "total":"9"}}
{"logTime": "0726/154553", "correlationVector":"Tnqv7FRGzBeCY02B1/jeAp.3","action":"ProcessGetUpdates", "result":"Done", "context":{"dataType":"Sessions", "deleted":"220", "process_failed_to_decrypt":"0", "process_pending_decryption":"0", "process_success":"220", "total":"220"}}
{"logTime": "0726/154553", "correlationVector":"Tnqv7FRGzBeCY02B1/jeAp.4","action":"ProcessGetUpdates", "result":"Done", "context":{"dataType":"Edge Hub App Usage", "deleted":"0", "process_failed_to_decrypt":"0", "process_pending_decryption":"0", "process_success":"21", "total":"21"}}
{"logTime": "0726/154553", "correlationVector":"Tnqv7FRGzBeCY02B1/jeAp.5","action":"GetUpdates Response", "result":"Success", "context":Received 250 update(s). cV=Tnqv7FRGzBeCY02B1/jeAp.0;server=akswtt115000009;cloudType=Consumer;environment=Prod_japanwest_prod-s01-066-apac-japanwest;migrationStage=NotStarted Some updates remain.}
{"logTime": "0726/154553", "correlationVector":"1ZdCY7pRPfxHNP9x25h2gr","action":"Initial GetUpdates", "result":"", "context":Reason: NEWLY_SUPPORTED_DATATYPE. cV=1ZdCY7pRPfxHNP9x25h2gr}
{"logTime": "0726/154554", "correlationVector":"1ZdCY7pRPfxHNP9x25h2gr.1","action":"SyncServerConnectionManagerRequest", "result":"SYNC_SERVER_OK", "context":{"environment":"Prod_japanwest_prod-s01-066-apac-japanwest", "migrationStage":"NotStarted", "server":"akswtt115000007"}}
{"logTime": "0726/154554", "correlationVector":"1ZdCY7pRPfxHNP9x25h2gr.2","action":"ProcessGetUpdates", "result":"Done", "context":{"dataType":"Preferences", "deleted":"0", "process_failed_to_decrypt":"0", "process_pending_decryption":"0", "process_success":"1", "total":"1"}}
{"logTime": "0726/154554", "correlationVector":"1ZdCY7pRPfxHNP9x25h2gr.3","action":"ProcessGetUpdates", "result":"Done", "context":{"dataType":"Autofill", "deleted":"0", "process_failed_to_decrypt":"0", "process_pending_decryption":"0", "process_success":"6", "total":"6"}}
{"logTime": "0726/154554", "correlationVector":"1ZdCY7pRPfxHNP9x25h2gr.4","action":"ProcessGetUpdates", "result":"Done", "context":{"dataType":"Extensions", "deleted":"0", "process_failed_to_decrypt":"0", "process_pending_decryption":"0", "process_success":"1", "total":"1"}}
{"logTime": "0726/154554", "correlationVector":"1ZdCY7pRPfxHNP9x25h2gr.5","action":"ProcessGetUpdates", "result":"Done", "context":{"dataType":"Sessions", "deleted":"233", "process_failed_to_decrypt":"0", "process_pending_decryption":"0", "process_success":"233", "total":"233"}}
{"logTime": "0726/154554", "correlationVector":"1ZdCY7pRPfxHNP9x25h2gr.6","action":"ProcessGetUpdates", "result":"Done", "context":{"dataType":"Edge Hub App Usage", "deleted":"1", "process_failed_to_decrypt":"0", "process_pending_decryption":"0", "process_success":"9", "total":"9"}}
{"logTime": "0726/154554", "correlationVector":"1ZdCY7pRPfxHNP9x25h2gr.7","action":"GetUpdates Response", "result":"Success", "context":Received 250 update(s). cV=1ZdCY7pRPfxHNP9x25h2gr.0;server=akswtt115000007;cloudType=Consumer;environment=Prod_japanwest_prod-s01-066-apac-japanwest;migrationStage=NotStarted Some updates remain.}
{"logTime": "0726/154554", "correlationVector":"Q1twTABdDeyfdYVEMEJ+TM","action":"Initial GetUpdates", "result":"", "context":Reason: NEWLY_SUPPORTED_DATATYPE. cV=Q1twTABdDeyfdYVEMEJ+TM}
{"logTime": "0726/154555", "correlationVector":"Q1twTABdDeyfdYVEMEJ+TM.1","action":"SyncServerConnectionManagerRequest", "result":"SYNC_SERVER_OK", "context":{"environment":"Prod_japanwest_prod-s01-066-apac-japanwest", "migrationStage":"NotStarted", "server":"akswtt11500000d"}}
{"logTime": "0726/154555", "correlationVector":"Q1twTABdDeyfdYVEMEJ+TM.2","action":"ProcessGetUpdates", "result":"Done", "context":{"dataType":"Bookmarks", "deleted":"15", "process_failed_to_decrypt":"0", "process_pending_decryption":"0", "process_success":"31", "total":"31"}}
{"logTime": "0726/154555", "correlationVector":"Q1twTABdDeyfdYVEMEJ+TM.3","action":"ProcessGetUpdates", "result":"Done", "context":{"dataType":"Preferences", "deleted":"0", "process_failed_to_decrypt":"0", "process_pending_decryption":"0", "process_success":"3", "total":"3"}}
{"logTime": "0726/154555", "correlationVector":"Q1twTABdDeyfdYVEMEJ+TM.4","action":"ProcessGetUpdates", "result":"Done", "context":{"dataType":"Autofill", "deleted":"0", "process_failed_to_decrypt":"0", "process_pending_decryption":"0", "process_success":"13", "total":"13"}}
{"logTime": "0726/154555", "correlationVector":"Q1twTABdDeyfdYVEMEJ+TM.5","action":"ProcessGetUpdates", "result":"Done", "context":{"dataType":"Sessions", "deleted":"191", "process_failed_to_decrypt":"0", "process_pending_decryption":"0", "process_success":"193", "total":"193"}}
{"logTime": "0726/154555", "correlationVector":"Q1twTABdDeyfdYVEMEJ+TM.6","action":"ProcessGetUpdates", "result":"Done", "context":{"dataType":"Edge Hub App Usage", "deleted":"0", "process_failed_to_decrypt":"0", "process_pending_decryption":"0", "process_success":"10", "total":"10"}}
{"logTime": "0726/154555", "correlationVector":"Q1twTABdDeyfdYVEMEJ+TM.7","action":"GetUpdates Response", "result":"Success", "context":Received 250 update(s). cV=Q1twTABdDeyfdYVEMEJ+TM.0;server=akswtt11500000d;cloudType=Consumer;environment=Prod_japanwest_prod-s01-066-apac-japanwest;migrationStage=NotStarted Some updates remain.}
{"logTime": "0726/154555", "correlationVector":"TLdxTzDFH24Sf68Eqajvux","action":"Initial GetUpdates", "result":"", "context":Reason: NEWLY_SUPPORTED_DATATYPE. cV=TLdxTzDFH24Sf68Eqajvux}
{"logTime": "0726/154556", "correlationVector":"TLdxTzDFH24Sf68Eqajvux.1","action":"SyncServerConnectionManagerRequest", "result":"SYNC_SERVER_OK", "context":{"environment":"Prod_japanwest_prod-s01-066-apac-japanwest", "migrationStage":"NotStarted", "server":"akswtt11500000o"}}
{"logTime": "0726/154556", "correlationVector":"TLdxTzDFH24Sf68Eqajvux.2","action":"ProcessGetUpdates", "result":"Done", "context":{"dataType":"Bookmarks", "deleted":"0", "process_failed_to_decrypt":"0", "process_pending_decryption":"0", "process_success":"3", "total":"3"}}
{"logTime": "0726/154556", "correlationVector":"TLdxTzDFH24Sf68Eqajvux.3","action":"ProcessGetUpdates", "result":"Done", "context":{"dataType":"Preferences", "deleted":"0", "process_failed_to_decrypt":"0", "process_pending_decryption":"0", "process_success":"8", "total":"8"}}
{"logTime": "0726/154556", "correlationVector":"TLdxTzDFH24Sf68Eqajvux.4","action":"ProcessGetUpdates", "result":"Done", "context":{"dataType":"Sessions", "deleted":"16", "process_failed_to_decrypt":"0", "process_pending_decryption":"0", "process_success":"30", "total":"30"}}
{"logTime": "0726/154556", "correlationVector":"TLdxTzDFH24Sf68Eqajvux.5","action":"GetUpdates Response", "result":"Success", "context":Received 41 update(s). cV=TLdxTzDFH24Sf68Eqajvux.0;server=akswtt11500000o;cloudType=Consumer;environment=Prod_japanwest_prod-s01-066-apac-japanwest;migrationStage=NotStarted}
{"logTime": "0726/154556", "correlationVector":"v3L5shnsuHR8T2dhk3m5e8","action":"Initial GetUpdates", "result":"", "context":Reason: NEWLY_SUPPORTED_DATATYPE. cV=v3L5shnsuHR8T2dhk3m5e8}
{"logTime": "0726/154557", "correlationVector":"v3L5shnsuHR8T2dhk3m5e8.1","action":"SyncServerConnectionManagerRequest", "result":"SYNC_SERVER_OK", "context":{"environment":"Prod_japanwest_prod-s01-066-apac-japanwest", "migrationStage":"NotStarted", "server":"akswtt115000001"}}
{"logTime": "0726/154557", "correlationVector":"v3L5shnsuHR8T2dhk3m5e8.2","action":"ProcessGetUpdates", "result":"Done", "context":{"dataType":"History", "deleted":"0", "process_failed_to_decrypt":"0", "process_pending_decryption":"0", "process_success":"250", "total":"250"}}
{"logTime": "0726/154557", "correlationVector":"v3L5shnsuHR8T2dhk3m5e8.3","action":"GetUpdates Response", "result":"Success", "context":Received 250 update(s). cV=v3L5shnsuHR8T2dhk3m5e8.0;server=akswtt115000001;cloudType=Consumer;environment=Prod_japanwest_prod-s01-066-apac-japanwest;migrationStage=NotStarted Some updates remain.}
{"logTime": "0726/154557", "correlationVector":"oMKeXEAUInvqVQcqfZHhyr","action":"Initial GetUpdates", "result":"", "context":Reason: NEWLY_SUPPORTED_DATATYPE. cV=oMKeXEAUInvqVQcqfZHhyr}
{"logTime": "0726/154558", "correlationVector":"oMKeXEAUInvqVQcqfZHhyr.1","action":"SyncServerConnectionManagerRequest", "result":"SYNC_SERVER_OK", "context":{"environment":"Prod_japanwest_prod-s01-066-apac-japanwest", "migrationStage":"NotStarted", "server":"akswtt11500000d"}}
{"logTime": "0726/154558", "correlationVector":"oMKeXEAUInvqVQcqfZHhyr.2","action":"ProcessGetUpdates", "result":"Done", "context":{"dataType":"History", "deleted":"0", "process_failed_to_decrypt":"0", "process_pending_decryption":"0", "process_success":"250", "total":"250"}}
{"logTime": "0726/154558", "correlationVector":"oMKeXEAUInvqVQcqfZHhyr.3","action":"GetUpdates Response", "result":"Success", "context":Received 250 update(s). cV=oMKeXEAUInvqVQcqfZHhyr.0;server=akswtt11500000d;cloudType=Consumer;environment=Prod_japanwest_prod-s01-066-apac-japanwest;migrationStage=NotStarted Some updates remain.}
{"logTime": "0726/154558", "correlationVector":"hipYvx/yfM18qOJPj2rRjB","action":"Initial GetUpdates", "result":"", "context":Reason: NEWLY_SUPPORTED_DATATYPE. cV=hipYvx/yfM18qOJPj2rRjB}
{"logTime": "0726/154559", "correlationVector":"hipYvx/yfM18qOJPj2rRjB.1","action":"SyncServerConnectionManagerRequest", "result":"SYNC_SERVER_OK", "context":{"environment":"Prod_japanwest_prod-s01-066-apac-japanwest", "migrationStage":"NotStarted", "server":"akswtt115000008"}}
{"logTime": "0726/154559", "correlationVector":"hipYvx/yfM18qOJPj2rRjB.2","action":"ProcessGetUpdates", "result":"Done", "context":{"dataType":"History", "deleted":"0", "process_failed_to_decrypt":"0", "process_pending_decryption":"0", "process_success":"250", "total":"250"}}
{"logTime": "0726/154559", "correlationVector":"hipYvx/yfM18qOJPj2rRjB.3","action":"GetUpdates Response", "result":"Success", "context":Received 250 update(s). cV=hipYvx/yfM18qOJPj2rRjB.0;server=akswtt115000008;cloudType=Consumer;environment=Prod_japanwest_prod-s01-066-apac-japanwest;migrationStage=NotStarted Some updates remain.}
{"logTime": "0726/154559", "correlationVector":"iyIV4nyF8ff/en8Q+qC5Ia","action":"Initial GetUpdates", "result":"", "context":Reason: NEWLY_SUPPORTED_DATATYPE. cV=iyIV4nyF8ff/en8Q+qC5Ia}
{"logTime": "0726/154600", "correlationVector":"iyIV4nyF8ff/en8Q+qC5Ia.1","action":"SyncServerConnectionManagerRequest", "result":"SYNC_SERVER_OK", "context":{"environment":"Prod_japanwest_prod-s01-066-apac-japanwest", "migrationStage":"NotStarted", "server":"akswtt115000012"}}
{"logTime": "0726/154600", "correlationVector":"iyIV4nyF8ff/en8Q+qC5Ia.2","action":"ProcessGetUpdates", "result":"Done", "context":{"dataType":"History", "deleted":"0", "process_failed_to_decrypt":"0", "process_pending_decryption":"0", "process_success":"250", "total":"250"}}
{"logTime": "0726/154600", "correlationVector":"iyIV4nyF8ff/en8Q+qC5Ia.3","action":"GetUpdates Response", "result":"Success", "context":Received 250 update(s). cV=iyIV4nyF8ff/en8Q+qC5Ia.0;server=akswtt115000012;cloudType=Consumer;environment=Prod_japanwest_prod-s01-066-apac-japanwest;migrationStage=NotStarted Some updates remain.}
{"logTime": "0726/154600", "correlationVector":"5Qef2YNSliti02dXLuXsAV","action":"Initial GetUpdates", "result":"", "context":Reason: NEWLY_SUPPORTED_DATATYPE. cV=5Qef2YNSliti02dXLuXsAV}
{"logTime": "0726/154601", "correlationVector":"5Qef2YNSliti02dXLuXsAV.1","action":"SyncServerConnectionManagerRequest", "result":"SYNC_SERVER_OK", "context":{"environment":"Prod_japanwest_prod-s01-066-apac-japanwest", "migrationStage":"NotStarted", "server":"akswtt11500000m"}}
{"logTime": "0726/154601", "correlationVector":"5Qef2YNSliti02dXLuXsAV.2","action":"ProcessGetUpdates", "result":"Done", "context":{"dataType":"History", "deleted":"0", "process_failed_to_decrypt":"0", "process_pending_decryption":"0", "process_success":"250", "total":"250"}}
{"logTime": "0726/154601", "correlationVector":"5Qef2YNSliti02dXLuXsAV.3","action":"GetUpdates Response", "result":"Success", "context":Received 250 update(s). cV=5Qef2YNSliti02dXLuXsAV.0;server=akswtt11500000m;cloudType=Consumer;environment=Prod_japanwest_prod-s01-066-apac-japanwest;migrationStage=NotStarted Some updates remain.}
{"logTime": "0726/154601", "correlationVector":"RBKkZF9SvAynG4tzbLpTDU","action":"Initial GetUpdates", "result":"", "context":Reason: NEWLY_SUPPORTED_DATATYPE. cV=RBKkZF9SvAynG4tzbLpTDU}
{"logTime": "0726/154602", "correlationVector":"RBKkZF9SvAynG4tzbLpTDU.1","action":"SyncServerConnectionManagerRequest", "result":"SYNC_SERVER_OK", "context":{"environment":"Prod_japanwest_prod-s01-066-apac-japanwest", "migrationStage":"NotStarted", "server":"akswtt115000010"}}
{"logTime": "0726/154602", "correlationVector":"RBKkZF9SvAynG4tzbLpTDU.2","action":"ProcessGetUpdates", "result":"Done", "context":{"dataType":"History", "deleted":"0", "process_failed_to_decrypt":"0", "process_pending_decryption":"0", "process_success":"250", "total":"250"}}
{"logTime": "0726/154602", "correlationVector":"RBKkZF9SvAynG4tzbLpTDU.3","action":"GetUpdates Response", "result":"Success", "context":Received 250 update(s). cV=RBKkZF9SvAynG4tzbLpTDU.0;server=akswtt115000010;cloudType=Consumer;environment=Prod_japanwest_prod-s01-066-apac-japanwest;migrationStage=NotStarted Some updates remain.}
{"logTime": "0726/154602", "correlationVector":"CZaWD6wpueVYKq9SdoXyPw","action":"Initial GetUpdates", "result":"", "context":Reason: NEWLY_SUPPORTED_DATATYPE. cV=CZaWD6wpueVYKq9SdoXyPw}
{"logTime": "0726/154604", "correlationVector":"CZaWD6wpueVYKq9SdoXyPw.1","action":"SyncServerConnectionManagerRequest", "result":"SYNC_SERVER_OK", "context":{"environment":"Prod_japanwest_prod-s01-066-apac-japanwest", "migrationStage":"NotStarted", "server":"akswtt115000007"}}
{"logTime": "0726/154604", "correlationVector":"CZaWD6wpueVYKq9SdoXyPw.2","action":"ProcessGetUpdates", "result":"Done", "context":{"dataType":"History", "deleted":"0", "process_failed_to_decrypt":"0", "process_pending_decryption":"0", "process_success":"250", "total":"250"}}
{"logTime": "0726/154604", "correlationVector":"m5e9bbPD9F4RtxmuQw6IE2","action":"SyncServerConnectionManagerRequest", "result":"CONNECTION_UNAVAILABLE", "context":{"error_type":"net_error_code", "error_value":"-3"}}
